Script started on Mon Dec 13 16:48:42 2021

The default interactive shell is now zsh.
To update your account to use zsh, please run `chsh -s /bin/zsh`.
For more details, please visit https://support.apple.com/kb/HT208050.
[?1034hbash-3.2$ cd Projects/chamber/
bash-3.2$ ls
cppdefs.h	runeco_s10.sh	runeco_s4.sh	runeco_s5.sh	runeco_s6.sh	runeco_s7.sh	runeco_s9.sh
bash-3.2$ sh runeco_s5.sh 
[01m[Kgfortran:[m[K [01;31m[Kerror: [m[Kmod_geochem.F90: No such file or directory
[01m[Kgfortran:[m[K [01;31m[Kerror: [m[Kmod_param.F90: No such file or directory
[01m[Kgfortran:[m[K [01;31m[Kerror: [m[Kmod_foodweb.F90: No such file or directory
[01m[Kgfortran:[m[K [01;31m[Kerror: [m[Kmod_coral.F90: No such file or directory
[01m[Kgfortran:[m[K [01;31m[Kerror: [m[Kmod_macroalgae.F90: No such file or directory
[01m[Kgfortran:[m[K [01;31m[Kerror: [m[Kmod_seagrass.F90: No such file or directory
[01m[Kgfortran:[m[K [01;31m[Kerror: [m[Kmod_sedecosys.F90: No such file or directory
[01m[Kgfortran:[m[K [01;31m[Kerror: [m[Kmod_reef_ecosys.F90: No such file or directory
[01m[Kgfortran:[m[K [01;31m[Kerror: [m[Kmod_input.F90: No such file or directory
[01m[Kgfortran:[m[K [01;31m[Kerror: [m[Kmod_output.F90: No such file or directory
[01m[Kgfortran:[m[K [01;31m[Kerror: [m[Kecosys_test5.F90: No such file or directory
runeco_s5.sh: line 11: ./ecosys_s5.exe: No such file or directory
bash-3.2$ cd ..
bash-3.2$ cd ..
bash-3.2$ ls
LICENSE		Projects	console.log	input		output		postproc	src
bash-3.2$ pwd
/Users/KobayashiYuki/Documents/reef_ecosys
bash-3.2$ s[Kmkdir Work_Kob
bash-3.2$ cd Work_Kob/
bash-3.2$ ls
CO2system_test.f90	mod_foodweb.F		mod_input.F		mod_param.F		mod_seagrass.F
ecosys_test.F		mod_geochem.F		mod_macroalgae.F	mod_reef_ecosys.F	mod_sedecosys.F
mod_coral.F		mod_heat.F		mod_output.F		mod_reef_flow.F		runeco_s5.sh
bash-3.2$ sh runeco_s5.sh 
[01m[Kgfortran:[m[K [01;31m[Kerror: [m[Kmod_geochem.F90: No such file or directory
[01m[Kgfortran:[m[K [01;31m[Kerror: [m[Kmod_param.F90: No such file or directory
[01m[Kgfortran:[m[K [01;31m[Kerror: [m[Kmod_foodweb.F90: No such file or directory
[01m[Kgfortran:[m[K [01;31m[Kerror: [m[Kmod_coral.F90: No such file or directory
[01m[Kgfortran:[m[K [01;31m[Kerror: [m[Kmod_macroalgae.F90: No such file or directory
[01m[Kgfortran:[m[K [01;31m[Kerror: [m[Kmod_seagrass.F90: No such file or directory
[01m[Kgfortran:[m[K [01;31m[Kerror: [m[Kmod_sedecosys.F90: No such file or directory
[01m[Kgfortran:[m[K [01;31m[Kerror: [m[Kmod_reef_ecosys.F90: No such file or directory
[01m[Kgfortran:[m[K [01;31m[Kerror: [m[Kmod_input.F90: No such file or directory
[01m[Kgfortran:[m[K [01;31m[Kerror: [m[Kmod_output.F90: No such file or directory
[01m[Kgfortran:[m[K [01;31m[Kerror: [m[Kecosys_test5.F90: No such file or directory
runeco_s5.sh: line 11: ./ecosys_s5.exe: No such file or directory
bash-3.2$ pwd
/Users/KobayashiYuki/Documents/reef_ecosys/Work_Kob
bash-3.2$ gfor[K[K[K[Kgfortran -DCHAMBER_SITE5 -fbounds-check  mod_geochem.F90 mod_param.F90 mod_foodweb.F90 mod_coral.F90 mod_macroalgae.F90 mod_seagrass.F90 mod_sedecosys.F90  mod_reef_ecosys.F90 mod_input.F90 mod_output.F90 ecosys_test5.F90 -O2 -o ecosys_s5.exe
[01m[Kgfortran:[m[K [01;31m[Kerror: [m[Kmod_geochem.F90: No such file or directory
[01m[Kgfortran:[m[K [01;31m[Kerror: [m[Kmod_param.F90: No such file or directory
[01m[Kgfortran:[m[K [01;31m[Kerror: [m[Kmod_foodweb.F90: No such file or directory
[01m[Kgfortran:[m[K [01;31m[Kerror: [m[Kmod_coral.F90: No such file or directory
[01m[Kgfortran:[m[K [01;31m[Kerror: [m[Kmod_macroalgae.F90: No such file or directory
[01m[Kgfortran:[m[K [01;31m[Kerror: [m[Kmod_seagrass.F90: No such file or directory
[01m[Kgfortran:[m[K [01;31m[Kerror: [m[Kmod_sedecosys.F90: No such file or directory
[01m[Kgfortran:[m[K [01;31m[Kerror: [m[Kmod_reef_ecosys.F90: No such file or directory
[01m[Kgfortran:[m[K [01;31m[Kerror: [m[Kmod_input.F90: No such file or directory
[01m[Kgfortran:[m[K [01;31m[Kerror: [m[Kmod_output.F90: No such file or directory
[01m[Kgfortran:[m[K [01;31m[Kerror: [m[Kecosys_test5.F90: No such file or directory
bash-3.2$ gfortran -DCHAMBER_SITE5 -fbounds-check  mod_geochem.F90 mod_param.F90 mod_foodweb.F90 mod_coral.F90 mod_macroalgae.F90 mod_seagrass.F90 mod_sedecosys.F90 mmod_reef_ecosys.F90 mod_input.F90 mod_output.F90 ecosys_test5.F90 -O2 -o ecosys_s5.exe[A[C[C[C[C[C[C[C[C[C[C[K
[K[A[C[C[C[C[C[C[C[C[C[C